// Jest Snapshot v1, https://goo.gl/fbAQLP

exports[`renders 1`] = `
<DocumentFragment>
  <div
    class="footer"
  >
    <div
      class="footer--inner"
    >
      Â© 2019 iwantthathoodie.com
    </div>
  </div>
</DocumentFragment>
`;
